#
# There is insufficient memory for the Java Runtime Environment to continue.
# Native memory allocation (mmap) failed to map 130023424 bytes for G1 virtual space
# Possible reasons:
#   The system is out of physical RAM or swap space
#   The process is running with CompressedOops enabled, and the Java Heap may be blocking the growth of the native heap
# Possible solutions:
#   Reduce memory load on the system
#   Increase physical memory or swap space
#   Check if swap backing store is full
#   Decrease Java heap size (-Xmx/-Xms)
#   Decrease number of Java threads
#   Decrease Java thread stack sizes (-Xss)
#   Set larger code cache with -XX:ReservedCodeCacheSize=
#   JVM is running with Unscaled Compressed Oops mode in which the Java heap is
#     placed in the first 4GB address space. The Java Heap base address is the
#     maximum limit for the native heap growth. Please use -XX:HeapBaseMinAddress
#     to set the Java Heap base and to place the Java Heap above 4GB virtual address.
# This output file may be truncated or incomplete.
#
#  Out of Memory Error (os_windows.cpp:3604), pid=19948, tid=26348
#
# JRE version:  (21.0.10+8) (build )
# Java VM: Java HotSpot(TM) 64-Bit Server VM (21.0.10+8-LTS-217, mixed mode, sharing, tiered, compressed oops, compressed class ptrs, g1 gc, windows-amd64)
# No core dump will be written. Minidumps are not enabled by default on client versions of Windows
#

---------------  S U M M A R Y ------------

Command Line: -Dnet.bytebuddy.agent.attacher.dump= net.bytebuddy.agent.Attacher com.sun.tools.attach.VirtualMachine 26656 C:\Users\lunam\.m2\repository\net\bytebuddy\byte-buddy-agent\1.17.8\byte-buddy-agent-1.17.8.jar false 

Host: 12th Gen Intel(R) Core(TM) i7-12700H, 20 cores, 7G,  Windows 11 , 64 bit Build 26100 (10.0.26100.7920)
Time: Wed Apr 15 17:39:50 2026 Hora est. Pacífico, Sudamérica elapsed time: 2.038441 seconds (0d 0h 0m 2s)

---------------  T H R E A D  ---------------

Current thread (0x000002c0946b10e0):  JavaThread "Unknown thread" [_thread_in_vm, id=26348, stack(0x000000e946e00000,0x000000e946f00000) (1024K)]

Stack: [0x000000e946e00000,0x000000e946f00000]
Native frames: (J=compiled Java code, j=interpreted, Vv=VM code, C=native code)
V  [jvm.dll+0x6d0b59]
V  [jvm.dll+0x85fd56]
V  [jvm.dll+0x86224e]
V  [jvm.dll+0x862923]
V  [jvm.dll+0x282a16]
V  [jvm.dll+0x6cd405]
V  [jvm.dll+0x6c1f8a]
V  [jvm.dll+0x35bcc8]
V  [jvm.dll+0x363986]
V  [jvm.dll+0x3b4a3e]
V  [jvm.dll+0x3b4ce8]
V  [jvm.dll+0x32f98c]
V  [jvm.dll+0x3304db]
V  [jvm.dll+0x829d3e]
V  [jvm.dll+0x3c19d1]
V  [jvm.dll+0x812c0a]
V  [jvm.dll+0x4543d1]
V  [jvm.dll+0x455e21]
C  [jli.dll+0x5310]
C  [ucrtbase.dll+0x37b0]
C  [KERNEL32.DLL+0x2e8d7]
C  [ntdll.dll+0x8c48c]


---------------  P R O C E S S  ---------------

Threads class SMR info:
_java_thread_list=0x00007ff8d8db8c88, length=0, elements={
}

Java Threads: ( => current thread )
Total: 0

Other Threads:
  0x000002c096b91c50 WorkerThread "GC Thread#0"                     [id=33688, stack(0x000000e946f00000,0x000000e947000000) (1024K)]
  0x000002c096ba2250 ConcurrentGCThread "G1 Main Marker"            [id=28860, stack(0x000000e947000000,0x000000e947100000) (1024K)]
  0x000002c096ba3bc0 WorkerThread "G1 Conc#0"                       [id=25816, stack(0x000000e947100000,0x000000e947200000) (1024K)]

[error occurred during error reporting (printing all threads), id 0xc0000005, EXCEPTION_ACCESS_VIOLATION (0xc0000005) at pc=0x00007ff8d8522447]
VM state: not at safepoint (not fully initialized)

VM Mutex/Monitor currently owned by a thread:  ([mutex/lock_event])
[0x00007ff8d8e2a010] Heap_lock - owner thread: 0x000002c0946b10e0

Heap address: 0x0000000084800000, size: 1976 MB, Compressed Oops mode: 32-bit

CDS archive(s) mapped at: [0x0000000000000000-0x0000000000000000-0x0000000000000000), size 0, SharedBaseAddress: 0x0000000800000000, ArchiveRelocationMode: 1.
Narrow klass base: 0x0000000000000000, Narrow klass shift: 0, Narrow klass range: 0x0

GC Precious Log:
 CardTable entry size: 512
 Card Set container configuration: InlinePtr #cards 5 size 8 Array Of Cards #cards 12 size 40 Howl #buckets 4 coarsen threshold 1843 Howl Bitmap #cards 512 size 80 coarsen threshold 460 Card regions per heap region 1 cards per card region 2048

Heap:
 garbage-first heap   total 0K, used 0K [0x0000000084800000, 0x0000000100000000)
  region size 1024K, 0 young (0K), 0 survivors (0K)

[error occurred during error reporting (printing heap information), id 0xc0000005, EXCEPTION_ACCESS_VIOLATION (0xc0000005) at pc=0x00007ff8d890ac39]
GC Heap History (0 events):
No events

Dll operation events (1 events):
Event: 0.008 Loaded shared library C:\Program Files\Java\jdk-21.0.10\bin\java.dll

Deoptimization events (0 events):
No events

Classes loaded (0 events):
No events

Classes unloaded (0 events):
No events

Classes redefined (0 events):
No events

Internal exceptions (0 events):
No events

ZGC Phase Switch (0 events):
No events

VM Operations (0 events):
No events

Events (0 events):
No events


Dynamic libraries:
0x00007ff65f0c0000 - 0x00007ff65f0d0000 	C:\Program Files\Java\jdk-21.0.10\bin\java.exe
0x00007ff9bc300000 - 0x00007ff9bc567000 	C:\WINDOWS\SYSTEM32\ntdll.dll
0x00007ff938430000 - 0x00007ff938451000 	C:\Program Files\Avast Software\Avast\aswhook.dll
0x00007ff9bb710000 - 0x00007ff9bb7d9000 	C:\WINDOWS\System32\KERNEL32.DLL
0x00007ff9b9c10000 - 0x00007ff9ba001000 	C:\WINDOWS\System32\KERNELBASE.dll
0x00007ff9b8cc0000 - 0x00007ff9b8e0b000 	C:\WINDOWS\System32\ucrtbase.dll
0x00007ff9b3880000 - 0x00007ff9b3899000 	C:\Program Files\Java\jdk-21.0.10\bin\jli.dll
0x00007ff9b38a0000 - 0x00007ff9b38be000 	C:\Program Files\Java\jdk-21.0.10\bin\VCRUNTIME140.dll
0x00007ff9bbd30000 - 0x00007ff9bbdeb000 	C:\WINDOWS\System32\ADVAPI32.dll
0x00007ff9ba240000 - 0x00007ff9ba2e9000 	C:\WINDOWS\System32\msvcrt.dll
0x00007ff9baec0000 - 0x00007ff9baf67000 	C:\WINDOWS\System32\sechost.dll
0x00007ff9bc0c0000 - 0x00007ff9bc1d8000 	C:\WINDOWS\System32\RPCRT4.dll
0x00007ff9bb400000 - 0x00007ff9bb5c5000 	C:\WINDOWS\System32\USER32.dll
0x00007ff9b8c90000 - 0x00007ff9b8cb7000 	C:\WINDOWS\System32\win32u.dll
0x00007ff997010000 - 0x00007ff9972a3000 	C:\WINDOWS\WinSxS\amd64_microsoft.windows.common-controls_6595b64144ccf1df_6.0.26100.8037_none_3e092faae333b53b\COMCTL32.dll
0x00007ff9ba300000 - 0x00007ff9ba32b000 	C:\WINDOWS\System32\GDI32.dll
0x00007ff9b8f80000 - 0x00007ff9b90ab000 	C:\WINDOWS\System32\gdi32full.dll
0x00007ff9b9aa0000 - 0x00007ff9b9b43000 	C:\WINDOWS\System32\msvcp_win.dll
0x00007ff9b0730000 - 0x00007ff9b073b000 	C:\WINDOWS\SYSTEM32\VERSION.dll
0x00007ff9bb5d0000 - 0x00007ff9bb601000 	C:\WINDOWS\System32\IMM32.DLL
0x00007ff9b3d40000 - 0x00007ff9b3d4c000 	C:\Program Files\Java\jdk-21.0.10\bin\vcruntime140_1.dll
0x00007ff94c1b0000 - 0x00007ff94c23d000 	C:\Program Files\Java\jdk-21.0.10\bin\msvcp140.dll
0x00007ff8d81e0000 - 0x00007ff8d8f07000 	C:\Program Files\Java\jdk-21.0.10\bin\server\jvm.dll
0x00007ff9ba670000 - 0x00007ff9ba6e4000 	C:\WINDOWS\System32\WS2_32.dll
0x00007ff9b77e0000 - 0x00007ff9b783e000 	C:\WINDOWS\SYSTEM32\POWRPROF.dll
0x00007ff9aef60000 - 0x00007ff9aef95000 	C:\WINDOWS\SYSTEM32\WINMM.dll
0x00007ff9b77c0000 - 0x00007ff9b77d4000 	C:\WINDOWS\SYSTEM32\UMPDC.dll
0x00007ff9b7a90000 - 0x00007ff9b7aab000 	C:\WINDOWS\SYSTEM32\kernel.appcore.dll
0x00007ff9b3900000 - 0x00007ff9b390a000 	C:\Program Files\Java\jdk-21.0.10\bin\jimage.dll
0x00007ff9b6a50000 - 0x00007ff9b6c92000 	C:\WINDOWS\SYSTEM32\DBGHELP.DLL
0x00007ff9bb7e0000 - 0x00007ff9bbb62000 	C:\WINDOWS\System32\combase.dll
0x00007ff9bbc50000 - 0x00007ff9bbd27000 	C:\WINDOWS\System32\OLEAUT32.dll
0x00007ff9afad0000 - 0x00007ff9afb0b000 	C:\WINDOWS\SYSTEM32\dbgcore.DLL
0x00007ff9b8be0000 - 0x00007ff9b8c85000 	C:\WINDOWS\System32\bcryptPrimitives.dll
0x00007ff9b37e0000 - 0x00007ff9b3801000 	C:\Program Files\Java\jdk-21.0.10\bin\java.dll

dbghelp: loaded successfully - version: 4.0.5 - missing functions: none
symbol engine: initialized successfully - sym options: 0x614 - pdb path: .;C:\Program Files\Java\jdk-21.0.10\bin;C:\WINDOWS\SYSTEM32;C:\Program Files\Avast Software\Avast;C:\WINDOWS\WinSxS\amd64_microsoft.windows.common-controls_6595b64144ccf1df_6.0.26100.8037_none_3e092faae333b53b;C:\Program Files\Java\jdk-21.0.10\bin\server

VM Arguments:
jvm_args: -Dnet.bytebuddy.agent.attacher.dump= 
java_command: net.bytebuddy.agent.Attacher com.sun.tools.attach.VirtualMachine 26656 C:\Users\lunam\.m2\repository\net\bytebuddy\byte-buddy-agent\1.17.8\byte-buddy-agent-1.17.8.jar false 
java_class_path (initial): C:\Users\lunam\.m2\repository\net\bytebuddy\byte-buddy-agent\1.17.8\byte-buddy-agent-1.17.8.jar
Launcher Type: SUN_STANDARD

[Global flags]
     intx CICompilerCount                          = 12                                        {product} {ergonomic}
     uint ConcGCThreads                            = 4                                         {product} {ergonomic}
     uint G1ConcRefinementThreads                  = 15                                        {product} {ergonomic}
   size_t G1HeapRegionSize                         = 1048576                                   {product} {ergonomic}
    uintx GCDrainStackTargetSize                   = 64                                        {product} {ergonomic}
   size_t InitialHeapSize                          = 130023424                                 {product} {ergonomic}
   size_t MarkStackSize                            = 4194304                                   {product} {ergonomic}
   size_t MaxHeapSize                              = 2071986176                                {product} {ergonomic}
   size_t MinHeapDeltaBytes                        = 1048576                                   {product} {ergonomic}
   size_t MinHeapSize                              = 8388608                                   {product} {ergonomic}
    uintx NonNMethodCodeHeapSize                   = 7602480                                {pd product} {ergonomic}
    uintx NonProfiledCodeHeapSize                  = 122027880                              {pd product} {ergonomic}
    uintx ProfiledCodeHeapSize                     = 122027880                              {pd product} {ergonomic}
    uintx ReservedCodeCacheSize                    = 251658240                              {pd product} {ergonomic}
     bool SegmentedCodeCache                       = true                                      {product} {ergonomic}
   size_t SoftMaxHeapSize                          = 2071986176                             {manageable} {ergonomic}
     bool UseCompressedOops                        = true                           {product lp64_product} {ergonomic}
     bool UseG1GC                                  = true                                      {product} {ergonomic}
     bool UseLargePagesIndividualAllocation        = false                                  {pd product} {ergonomic}

Logging:
Log output configuration:
 #0: stdout all=warning uptime,level,tags foldmultilines=false
 #1: stderr all=off uptime,level,tags foldmultilines=false

Environment Variables:
JAVA_HOME=C:\Program Files\Java\jdk-21.0.10
PATH=C:\Program Files\Common Files\Oracle\Java\javapath;C:\Windows\system32;C:\Windows;C:\Windows\System32\Wbem;C:\Program Files\Java\jdk-21.0.10\bin;C:\Windows\System32\WindowsPowerShell\v1.0\;C:\Windows\System32\OpenSSH\;C:\Program Files (x86)\NVIDIA Corporation\PhysX\Common;C:\Program Files\NVIDIA Corporation\NVIDIA NvDLISR;C:\Program Files\Git\cmd;C:\Program Files\nodejs\;C:\WINDOWS\system32;C:\WINDOWS;C:\WINDOWS\System32\Wbem;C:\WINDOWS\System32\WindowsPowerShell\v1.0\;C:\WINDOWS\System32\OpenSSH\;C:\Program Files\dotnet\;C:\apache-maven-3.9.9\bin;C:\opencode;C:\Program Files\Docker\Docker\resources\bin;C:\Users\lunam\.local\bin;C:\Program Files\MySQL\MySQL Shell 8.0\bin\;C:\Users\lunam\AppData\Local\Microsoft\WindowsApps;C:\Users\lunam\AppData\Local\Programs\Microsoft VS Code\bin;C:\Users\lunam\AppData\Roaming\npm;C:\Users\lunam\AppData\Local\Programs\cursor\resources\app\bin;C:\Users\lunam\.dotnet\tools;C:\Users\lunam\AppData\Local\GitHubDesktop\bin;C:\Users\lunam\flutter\bin;C:\Users\lunam\AppData\Local\Programs\Antigravity\bin
USERNAME=lunam
TERM=dumb
OS=Windows_NT
PROCESSOR_IDENTIFIER=Intel64 Family 6 Model 154 Stepping 3, GenuineIntel
TMP=C:\Users\lunam\AppData\Local\Temp
TEMP=C:\Users\lunam\AppData\Local\Temp




Periodic native trim disabled

---------------  S Y S T E M  ---------------

OS:
 Windows 11 , 64 bit Build 26100 (10.0.26100.7920)
OS uptime: 0 days 3:21 hours
Hyper-V role detected

CPU: total 20 (initial active 20) (10 cores per cpu, 2 threads per core) family 6 model 154 stepping 3 microcode 0x423, cx8, cmov, fxsr, ht, mmx, 3dnowpref, sse, sse2, sse3, ssse3, sse4.1, sse4.2, popcnt, lzcnt, tsc, tscinvbit, avx, avx2, aes, erms, clmul, bmi1, bmi2, adx, sha, fma, vzeroupper, clflush, clflushopt, clwb, hv, serialize, rdtscp, rdpid, fsrm, f16c, cet_ibt, cet_ss
Processor Information for processor 0
  Max Mhz: 2700, Current Mhz: 2700, Mhz Limit: 2700
Processor Information for processor 1
  Max Mhz: 2700, Current Mhz: 2700, Mhz Limit: 2700
Processor Information for processor 2
  Max Mhz: 2700, Current Mhz: 2700, Mhz Limit: 2700
Processor Information for processor 3
  Max Mhz: 2700, Current Mhz: 2700, Mhz Limit: 2700
Processor Information for processor 4
  Max Mhz: 2700, Current Mhz: 2700, Mhz Limit: 2700
Processor Information for processor 5
  Max Mhz: 2700, Current Mhz: 2700, Mhz Limit: 2700
Processor Information for processor 6
  Max Mhz: 2700, Current Mhz: 2700, Mhz Limit: 2700
Processor Information for processor 7
  Max Mhz: 2700, Current Mhz: 2700, Mhz Limit: 2700
Processor Information for processor 8
  Max Mhz: 2700, Current Mhz: 1489, Mhz Limit: 2700
Processor Information for processor 9
  Max Mhz: 2700, Current Mhz: 1489, Mhz Limit: 2700
Processor Information for processor 10
  Max Mhz: 2700, Current Mhz: 2700, Mhz Limit: 2700
Processor Information for processor 11
  Max Mhz: 2700, Current Mhz: 2700, Mhz Limit: 2700
Processor Information for processor 12
  Max Mhz: 2700, Current Mhz: 1526, Mhz Limit: 1971
Processor Information for processor 13
  Max Mhz: 2700, Current Mhz: 1995, Mhz Limit: 1971
Processor Information for processor 14
  Max Mhz: 2700, Current Mhz: 1995, Mhz Limit: 1971
Processor Information for processor 15
  Max Mhz: 2700, Current Mhz: 1526, Mhz Limit: 1971
Processor Information for processor 16
  Max Mhz: 2700, Current Mhz: 1526, Mhz Limit: 1971
Processor Information for processor 17
  Max Mhz: 2700, Current Mhz: 1526, Mhz Limit: 1971
Processor Information for processor 18
  Max Mhz: 2700, Current Mhz: 1526, Mhz Limit: 1971
Processor Information for processor 19
  Max Mhz: 2700, Current Mhz: 1995, Mhz Limit: 1971

Memory: 4k page, system-wide physical 7896M (421M free)
TotalPageFile size 32472M (AvailPageFile size 196M)
current process WorkingSet (physical memory assigned to process): 12M, peak: 12M
current process commit charge ("private bytes"): 75M, peak: 199M

vm_info: Java HotSpot(TM) 64-Bit Server VM (21.0.10+8-LTS-217) for windows-amd64 JRE (21.0.10+8-LTS-217), built on 2025-12-18T14:59:28Z by "mach5run" with MS VC++ 17.13 (VS2022)

END.
